
> nextn@0.1.0 build
> next build

  Ôû▓ Next.js 14.2.35

   Creating an optimized production build ...
 Ô£ô Compiled successfully
   Linting and checking validity of types ...
node.exe : Failed to compile.
En línea: 1 Carácter: 1
+ & "C:\Program 
Files\nodejs/node.exe" 
"C:\Program Files\nodejs/node_mo 
...
+ ~~~~~~~~~~~~~~~~~~~~~~~~~~~~~~~
~~~~~~~~~~~~~~~~~~~~~~~~~~~~~~~~~
~~~~~
    + CategoryInfo          : 
NotSpe    cified: (Failed to 
compile.:Stri    ng) [], 
RemoteException
    + FullyQualifiedErrorId : 
Native    CommandError
 

./src/firebase/hooks.tsx:50:3
Type error: Property 
'requestLocation' is missing in 
type '{ firebaseApp: 
FirebaseApp; firestore: 
Firestore; auth: Auth; storage: 
FirebaseStorage; user: User; 
roles: string[]; userData: 
UserProfile; supplierData: 
SupplierData; isUserLoading: 
boolean; userError: Error; 
userLocation: { ...; }; }' but 
required in type 
'FirebaseServicesAndUser'.

[0m [90m 48 |[39m   }[0m
[0m [90m 49 |[39m[0m
[0m[31m[1m>[22m[39m[90m 50 
|[39m   [36mreturn[39m {[0m
[0m [90m    |[39m   
[31m[1m^[22m[39m[0m
[0m [90m 51 |[39m     
firebaseApp[33m:[39m context[3
3m.[39mfirebaseApp[33m,[39m[0
m
[0m [90m 52 |[39m     
firestore[33m:[39m context[33m
.[39mfirestore[33m,[39m[0m
[0m [90m 53 |[39m     
auth[33m:[39m context[33m.[39
mauth[33m,[39m[0m
Next.js build worker exited with 
code: 1 and signal: null
